--------------------------------------------------------------------------------------------------------
      name:  <unnamed>
       log:  /Users/amalkova/Library/CloudStorage/OneDrive-FloridaInstituteofTechnology/Working santctio
> ns/output/timing/event_study_figure_log.txt
  log type:  text
 opened on:  10 Feb 2026, 11:03:10

. 
. ********************************************************************************
. * Load and prepare data
. ********************************************************************************
. 
. use "output/timing/rlms_timing_sample.dta", clear

. 
. * Drop and recreate variables
. foreach v in agri period {
  2.     capture drop `v'
  3. }

. 
. gen agri = (industry == 8)

. 
. * Create period: use Aug-Nov for 2014, drop Dec 2014
. gen period = year

. replace period = . if year == 2014 & interview_month < 8
(94 real changes made, 94 to missing)

. replace period = . if year == 2014 & interview_month == 12
(1,116 real changes made, 1,116 to missing)

. keep if period != . & period >= 2011 & period <= 2018
(16,780 observations deleted)

. 
. * Event time relative to 2014
. gen event_time = period - 2014

. 
. * Create interaction dummies (omit t=-1, i.e., 2013)
. forval t = -3/4 {
  2.     if `t' != -1 {
  3.         gen D`t' = agri * (event_time == `t')
  4.     }
  5. }
invalid syntax
r(198);

end of do-file
r(198);
