--------------------------------------------------------------------------------------------------------
      name:  <unnamed>
       log:  /Users/amalkova/Library/CloudStorage/OneDrive-FloridaInstituteofTechnology/Working santctio
> ns/output/figures_professional/remake_figures_log.txt
  log type:  text
 opened on:  10 Feb 2026, 11:12:22

. 
. ********************************************************************************
. * DEFINE PROFESSIONAL GRAPH STYLE
. ********************************************************************************
. 
. * Professional color palette (colorblind-friendly)
. local color1 "22 150 210"      // Blue

. local color2 "228 26 28"       // Red

. local color3 "77 175 74"       // Green

. local color4 "255 127 0"       // Orange

. local color5 "152 78 163"      // Purple

. local color6 "100 100 100"     // Gray

. 
. * Set graph defaults
. set scheme s2mono

. graph set window fontface "Times New Roman"

. 
. ********************************************************************************
. * FIGURE 1: EVENT STUDY - EMBARGO TIMING (KEY FIGURE)
. ********************************************************************************
. 
. di "Creating Figure 1: Event Study - Embargo Timing"
Creating Figure 1: Event Study - Embargo Timing

. 
. * Create data from regression results
. clear

. input event_time coef se

     event_t~e       coef         se
  1. -3  0.0986  0.0414
  2. -2  0.0476  0.0466
  3. -1  0       0
  4.  0  0.1180  0.0445
  5.  1  0.1596  0.0526
  6.  2  0.1528  0.0696
  7.  3  0.1517  0.0605
  8.  4  0.2101  0.0527
  9. end

. 
. gen ci_lo = coef - 1.96*se

. gen ci_hi = coef + 1.96*se

. gen year = event_time + 2014

. 
. * Professional event study
. twoway (rarea ci_lo ci_hi event_time, fcolor(gs14) lwidth(none)) ///
>        (connected coef event_time, lcolor(black) lpattern(solid) lwidth(medthick) ///
>            msymbol(O) mcolor(black) msize(large)), ///
>     xline(-0.5, lcolor(gs6) lpattern(dash) lwidth(thin)) ///
>     xline(0.4, lcolor(gs6) lpattern(shortdash) lwidth(thin)) ///
>     yline(0, lcolor(gs10) lpattern(solid) lwidth(thin)) ///
>     xlabel(-3 "2011" -2 "2012" -1 "2013" 0 "2014{superscript:a}" 1 "2015" 2 "2016" 3 "2017" 4 "2018", 
> ///
>            labsize(medium) tlcolor(black)) ///
>     ylabel(-0.1(0.1)0.3, format(%3.1f) labsize(medium) angle(horizontal) ///
>            tlcolor(black) grid glcolor(gs14) glwidth(vthin)) ///
>     xtitle("Year", size(medlarge) margin(t=3)) ///
>     ytitle("Coefficient (Log Wage Difference)", size(medlarge) margin(r=2)) ///
>     title("A. Event Study: Agricultural Wage Premium", size(large) position(11) margin(b=3)) ///
>     legend(off) ///
>     graphregion(color(white) margin(small)) ///
>     plotregion(margin(b=0 t=0 l=0 r=0) lcolor(black)) ///
>     note("{it:Notes}: Vertical dashed lines indicate August 2014 embargo and December 2014 ruble crash
> ." ///
>          "{superscript:a}2014 uses Oct-Nov interviews only (post-embargo, pre-crash). Reference: 2013.
> " ///
>          "Shaded area = 95% CI. Standard errors clustered by region.", ///
>          size(vsmall) position(6) margin(t=2))

. 
. graph export "output/figures_professional/fig1_event_study.pdf", replace
file /Users/amalkova/Library/CloudStorage/OneDrive-FloridaInstituteofTechnology/Working
    santctions/output/figures_professional/fig1_event_study.pdf saved as PDF format

. graph export "output/figures_professional/fig1_event_study.png", replace width(2400) height(1800)
file /Users/amalkova/Library/CloudStorage/OneDrive-FloridaInstituteofTechnology/Working
    santctions/output/figures_professional/fig1_event_study.png saved as PNG format

. 
. ********************************************************************************
. * FIGURE 2: WAGE TRENDS
. ********************************************************************************
. 
. di "Creating Figure 2: Wage Trends"
Creating Figure 2: Wage Trends

. 
. use "output/rlms_analysis_sample.dta", clear

. 
. * Collapse to year-sector means
. preserve

. gen agri = (industry == 8)
variable agri already defined
r(110);

end of do-file
r(110);
